../Core/Src/main.c:157:5:main	8	static
../Core/Src/main.c:268:6:SystemClock_Config	88	static
../Core/Src/main.c:318:13:MX_I2C1_Init	8	static
../Core/Src/main.c:366:13:MX_UART4_Init	8	static
../Core/Src/main.c:401:13:MX_USART2_UART_Init	8	static
../Core/Src/main.c:436:13:MX_USART3_UART_Init	8	static
../Core/Src/main.c:471:13:MX_USART6_UART_Init	8	static
../Core/Src/main.c:506:13:MX_USB_OTG_FS_PCD_Init	8	static
../Core/Src/main.c:539:13:MX_DMA_Init	16	static
../Core/Src/main.c:564:13:MX_GPIO_Init	56	static
../Core/Src/main.c:627:6:vApplicationStackOverflowHook	24	static,ignoring_inline_asm
../Core/Src/main.c:647:6:udp_receive_init	8	static
../Core/Src/main.c:666:6:udp_receive_callback	40	static
../Core/Src/main.c:710:6:send_response	24	static
../Core/Src/main.c:737:6:lwip_initiation	16	static
../Core/Src/main.c:757:6:blinking_blue	16	static
../Core/Src/main.c:771:5:__io_putchar	16	static
../Core/Src/main.c:791:6:udp_function	16	static
../Core/Src/main.c:810:6:perform_tests	48	static
../Core/Src/main.c:860:6:HAL_TIM_PeriodElapsedCallback	16	static
../Core/Src/main.c:878:6:Error_Handler	4	static,ignoring_inline_asm
