../Core/Src/main.c:188:5:main	8	static
../Core/Src/main.c:310:6:SystemClock_Config	88	static
../Core/Src/main.c:360:13:MX_CRC_Init	8	static
../Core/Src/main.c:391:13:MX_I2C1_Init	8	static
../Core/Src/main.c:439:13:MX_I2C4_Init	8	static
../Core/Src/main.c:487:13:MX_SPI1_Init	8	static
../Core/Src/main.c:527:13:MX_SPI2_Init	8	static
../Core/Src/main.c:566:13:MX_UART4_Init	8	static
../Core/Src/main.c:601:13:MX_USART2_UART_Init	8	static
../Core/Src/main.c:636:13:MX_USART3_UART_Init	8	static
../Core/Src/main.c:671:13:MX_USB_OTG_FS_PCD_Init	8	static
../Core/Src/main.c:704:13:MX_DMA_Init	16	static
../Core/Src/main.c:731:13:MX_GPIO_Init	56	static
../Core/Src/main.c:795:6:vApplicationStackOverflowHook	24	static,ignoring_inline_asm
../Core/Src/main.c:815:6:udp_receive_init	8	static
../Core/Src/main.c:834:6:udp_receive_callback	40	static
../Core/Src/main.c:878:6:send_response	24	static
../Core/Src/main.c:899:10:calculate_crc	24	static
../Core/Src/main.c:914:6:lwip_initiation	16	static
../Core/Src/main.c:934:6:blinking_blue	16	static
../Core/Src/main.c:948:5:__io_putchar	16	static
../Core/Src/main.c:968:6:udp_function	16	static
../Core/Src/main.c:987:6:perform_tests	64	static
../Core/Src/main.c:1039:6:HAL_TIM_PeriodElapsedCallback	16	static
../Core/Src/main.c:1057:6:Error_Handler	4	static,ignoring_inline_asm
