../Core/Src/main.c:201:5:main	8	static
../Core/Src/main.c:329:6:SystemClock_Config	88	static
../Core/Src/main.c:379:13:MX_ADC1_Init	24	static
../Core/Src/main.c:431:13:MX_CRC_Init	8	static
../Core/Src/main.c:462:13:MX_DAC_Init	16	static
../Core/Src/main.c:502:13:MX_I2C1_Init	8	static
../Core/Src/main.c:550:13:MX_I2C4_Init	8	static
../Core/Src/main.c:598:13:MX_SPI1_Init	8	static
../Core/Src/main.c:638:13:MX_SPI2_Init	8	static
../Core/Src/main.c:677:13:MX_TIM7_Init	24	static
../Core/Src/main.c:715:13:MX_UART4_Init	8	static
../Core/Src/main.c:750:13:MX_USART2_UART_Init	8	static
../Core/Src/main.c:785:13:MX_USART3_UART_Init	8	static
../Core/Src/main.c:820:13:MX_USB_OTG_FS_PCD_Init	8	static
../Core/Src/main.c:853:13:MX_DMA_Init	16	static
../Core/Src/main.c:883:13:MX_GPIO_Init	56	static
../Core/Src/main.c:951:6:vApplicationStackOverflowHook	24	static,ignoring_inline_asm
../Core/Src/main.c:971:6:udp_receive_init	8	static
../Core/Src/main.c:990:6:udp_receive_callback	32	static
../Core/Src/main.c:1035:6:send_response	24	static
../Core/Src/main.c:1056:10:calculate_crc	24	static
../Core/Src/main.c:1071:6:lwip_initiation	16	static
../Core/Src/main.c:1091:6:blinking_blue	16	static
../Core/Src/main.c:1105:5:__io_putchar	16	static
../Core/Src/main.c:1116:6:udp_function	16	static
../Core/Src/main.c:1135:6:perform_tests	80	static
../Core/Src/main.c:1190:6:HAL_TIM_PeriodElapsedCallback	24	static,ignoring_inline_asm
../Core/Src/main.c:1217:6:Error_Handler	4	static,ignoring_inline_asm
