../Core/Src/stm32f7xx_it.c:87:6:NMI_Handler	4	static
../Core/Src/stm32f7xx_it.c:102:6:HardFault_Handler	16	static
../Core/Src/stm32f7xx_it.c:120:6:MemManage_Handler	8	static
../Core/Src/stm32f7xx_it.c:135:6:BusFault_Handler	8	static
../Core/Src/stm32f7xx_it.c:150:6:UsageFault_Handler	4	static
../Core/Src/stm32f7xx_it.c:165:6:DebugMon_Handler	4	static
../Core/Src/stm32f7xx_it.c:185:6:RCC_IRQHandler	4	static
../Core/Src/stm32f7xx_it.c:198:6:DMA1_Stream0_IRQHandler	8	static
../Core/Src/stm32f7xx_it.c:212:6:DMA1_Stream2_IRQHandler	8	static
../Core/Src/stm32f7xx_it.c:226:6:DMA1_Stream3_IRQHandler	8	static
../Core/Src/stm32f7xx_it.c:240:6:DMA1_Stream5_IRQHandler	8	static
../Core/Src/stm32f7xx_it.c:254:6:DMA1_Stream6_IRQHandler	8	static
../Core/Src/stm32f7xx_it.c:268:6:ADC_IRQHandler	8	static
../Core/Src/stm32f7xx_it.c:282:6:I2C1_EV_IRQHandler	8	static
../Core/Src/stm32f7xx_it.c:296:6:I2C1_ER_IRQHandler	8	static
../Core/Src/stm32f7xx_it.c:310:6:SPI1_IRQHandler	8	static
../Core/Src/stm32f7xx_it.c:324:6:SPI2_IRQHandler	8	static
../Core/Src/stm32f7xx_it.c:338:6:USART2_IRQHandler	8	static
../Core/Src/stm32f7xx_it.c:352:6:USART3_IRQHandler	8	static
../Core/Src/stm32f7xx_it.c:366:6:EXTI15_10_IRQHandler	8	static
../Core/Src/stm32f7xx_it.c:380:6:UART4_IRQHandler	8	static
../Core/Src/stm32f7xx_it.c:394:6:TIM6_DAC_IRQHandler	8	static
../Core/Src/stm32f7xx_it.c:411:6:TIM7_IRQHandler	8	static
../Core/Src/stm32f7xx_it.c:425:6:DMA2_Stream3_IRQHandler	8	static
../Core/Src/stm32f7xx_it.c:439:6:ETH_IRQHandler	8	static
../Core/Src/stm32f7xx_it.c:453:6:ETH_WKUP_IRQHandler	8	static
../Core/Src/stm32f7xx_it.c:467:6:FPU_IRQHandler	4	static
../Core/Src/stm32f7xx_it.c:480:6:I2C4_EV_IRQHandler	8	static
../Core/Src/stm32f7xx_it.c:494:6:I2C4_ER_IRQHandler	8	static
