../Core/Src/stm32f7xx_it.c:76:6:NMI_Handler	4	static
../Core/Src/stm32f7xx_it.c:91:6:HardFault_Handler	16	static
../Core/Src/stm32f7xx_it.c:109:6:MemManage_Handler	8	static
../Core/Src/stm32f7xx_it.c:124:6:BusFault_Handler	8	static
../Core/Src/stm32f7xx_it.c:139:6:UsageFault_Handler	4	static
../Core/Src/stm32f7xx_it.c:154:6:DebugMon_Handler	4	static
../Core/Src/stm32f7xx_it.c:174:6:DMA1_Stream6_IRQHandler	8	static
../Core/Src/stm32f7xx_it.c:188:6:USART2_IRQHandler	8	static
../Core/Src/stm32f7xx_it.c:202:6:USART3_IRQHandler	8	static
../Core/Src/stm32f7xx_it.c:216:6:TIM6_DAC_IRQHandler	8	static
../Core/Src/stm32f7xx_it.c:230:6:DMA2_Stream2_IRQHandler	8	static
../Core/Src/stm32f7xx_it.c:244:6:ETH_IRQHandler	8	static
../Core/Src/stm32f7xx_it.c:258:6:ETH_WKUP_IRQHandler	8	static
../Core/Src/stm32f7xx_it.c:272:6:USART6_IRQHandler	8	static
