../Drivers/CMSIS/Include/core_cm7.h:2464:22:SCB_InvalidateDCache_by_Addr	32	static,ignoring_inline_asm
../Drivers/CMSIS/Include/core_cm7.h:2491:22:SCB_CleanDCache_by_Addr	32	static,ignoring_inline_asm
../SW/Src/spis.c:24:8:spi_testing	32	static
../SW/Src/spis.c:137:6:HAL_SPI_TxCpltCallback	24	static,ignoring_inline_asm
../SW/Src/spis.c:156:6:HAL_SPI_RxCpltCallback	24	static,ignoring_inline_asm
../SW/Src/spis.c:176:6:HAL_SPI_TxRxCpltCallback	24	static,ignoring_inline_asm
../SW/Src/spis.c:198:6:clear_flags	24	static
../SW/Src/spis.c:204:6:reset_test	8	static
../SW/Src/spis.c:214:6:HAL_SPI_ErrorCallback	24	static
